// Vitest Snapshot v1, https://vitest.dev/guide/snapshot.html

exports[`Generated type snapshots > keeps exported type names stable 1`] = `
[
  "components",
  "operations",
  "paths",
  "webhooks",
]
`;

exports[`Generated type snapshots > keeps operation IDs stable 1`] = `
[
  "approve-external-write-proposal",
  "approve-integration-write",
  "approve-surface",
  "archive-surface",
  "archive-workspace",
  "bind-use-case-to-service",
  "book-surface-appointment",
  "bulk-import-migration-conversations",
  "complete-simulation-run",
  "config-to-turn-policy",
  "connector-entities",
  "connector-resources",
  "create-agent",
  "create-agent-version",
  "create-api-key",
  "create-audit-export",
  "create-context_graph",
  "create-context_graph-version",
  "create-data-source",
  "create-enrichment-key",
  "create-external-auth-claim-mapping",
  "create-external-integration",
  "create-external-integration-credential",
  "create-external-role",
  "create-integration",
  "create-integration-endpoint",
  "create-memory-dimension",
  "create-my-workspace",
  "create-operator",
  "create-operator-briefing",
  "create-outbound-call",
  "create-production-eval-definition",
  "create-role-grant",
  "create-scheduling-rule-set",
  "create-service",
  "create-simulation-cases",
  "create-simulation-run",
  "create-simulation-session",
  "create-simulation-suite",
  "create-skill",
  "create-surface",
  "create-test-conversation",
  "create-trigger",
  "create-workspace-data-query",
  "create-workspace-table",
  "data-source-status",
  "data-source-sync-history",
  "delete-agent",
  "delete-api-key",
  "delete-context_graph",
  "delete-data-source",
  "delete-enrichment-key",
  "delete-external-identity-binding",
  "delete-external-integration",
  "delete-external-role",
  "delete-external-role-assignment",
  "delete-function",
  "delete-integration",
  "delete-integration-endpoint",
  "delete-production-eval-definition",
  "delete-scheduling-rule-set",
  "delete-service",
  "delete-simulation-case",
  "delete-simulation-coverage-graph",
  "delete-simulation-suite",
  "delete-skill",
  "delete-trigger",
  "delete-workspace-data-query",
  "delete-workspace-table",
  "deliver-surface",
  "deploy-function",
  "emit-metering-event",
  "entity-stats",
  "escalation-stats",
  "evaluate-call",
  "execute-tool-test",
  "execute-workspace-query",
  "fhir-appointments-view",
  "fhir-build-user-bundle",
  "fhir-create-resource",
  "fhir-get-resource",
  "fhir-get-resource-history",
  "fhir-import",
  "fhir-locations-view",
  "fhir-organizations-view",
  "fhir-patient-search",
  "fhir-patient-summary",
  "fhir-patient-timeline",
  "fhir-patients-view",
  "fhir-practitioners-view",
  "fhir-search-resources",
  "fhir-slots-view",
  "fhir-status",
  "fhir-update-resource",
  "fire-trigger",
  "gap-scanner-preview",
  "gap-scanner-scan",
  "get-access-review",
  "get-advanced-call-stats",
  "get-agent",
  "get-agent-analytics",
  "get-agent-version",
  "get-analytics-dashboard",
  "get-api-key-permission-catalog",
  "get-audit-export",
  "get-audit-summary",
  "get-auth-info",
  "get-branding-settings",
  "get-call-benchmarks",
  "get-call-comparison",
  "get-call-detail",
  "get-call-eval-results",
  "get-call-intelligence",
  "get-call-quality-analytics",
  "get-call-timeline",
  "get-call-trace-analysis",
  "get-call-transcript",
  "get-client-config",
  "get-command-center",
  "get-compliance-dashboard",
  "get-context_graph",
  "get-context_graph-version",
  "get-data-source",
  "get-egress-ips",
  "get-emotion-trends",
  "get-entity",
  "get-entity-access-log",
  "get-entity-duplicates",
  "get-entity-enrichment-history",
  "get-entity-graph",
  "get-entity-lineage",
  "get-entity-provenance",
  "get-entity-relationships",
  "get-entity-resolution",
  "get-entity-surface-history",
  "get-entity-timeline",
  "get-eval-quality-analytics",
  "get-event-stream",
  "get-external-auth-claim-mapping",
  "get-external-identity-binding",
  "get-external-integration",
  "get-external-role",
  "get-external-role-assignment",
  "get-function",
  "get-gap-scanner-settings",
  "get-hipaa-report",
  "get-integration",
  "get-integration-endpoint",
  "get-latency-analytics",
  "get-metric-catalog",
  "get-metric-settings",
  "get-metric-trend",
  "get-metric-values",
  "get-operator",
  "get-operator-performance",
  "get-operator-queue",
  "get-outbound-summary",
  "get-outreach-settings",
  "get-phi-access-report",
  "get-phone-call-volume",
  "get-pipeline-status",
  "get-recording",
  "get-retention-policy",
  "get-review-metrics",
  "get-role-grant",
  "get-scheduling-rule-set",
  "get-sensorium-connector-health",
  "get-sensorium-loop-latency",
  "get-service",
  "get-simulation-benchmark-results",
  "get-simulation-case",
  "get-simulation-coverage-graph",
  "get-simulation-coverage-paths",
  "get-simulation-performance",
  "get-simulation-run",
  "get-simulation-session-turns",
  "get-simulation-suite",
  "get-simulation-suite-run-results",
  "get-skill",
  "get-skill-references",
  "get-source-history",
  "get-source-overview",
  "get-surface",
  "get-surface-availability",
  "get-surface-channel-effectiveness",
  "get-surface-completion-rates",
  "get-surface-field-abandonment",
  "get-surface-progress",
  "get-surface-spec",
  "get-test-caller-numbers",
  "get-test-credential-ids",
  "get-throughput",
  "get-tool-performance",
  "get-trigger",
  "get-use-case-service-binding",
  "get-voice-settings",
  "get-workspace",
  "get-workspace-cost",
  "get-workspace-data-query",
  "get-workspace-table",
  "get-workspace-usage",
  "get-workspace-usage-cost-excluded",
  "get-workspace-usage-cost-models",
  "get-workspace-usage-cost-overview",
  "heal-surface-field",
  "invoke-function",
  "invoke-workspace-data-query",
  "list-active-escalations",
  "list-agent-versions",
  "list-agents",
  "list-api-keys",
  "list-audit-events",
  "list-audit-events-platform",
  "list-audit-log",
  "list-call-metric-values",
  "list-call-traces",
  "list-calls",
  "list-context_graph-versions",
  "list-context_graphs",
  "list-data-sources",
  "list-enrichment-keys",
  "list-entities",
  "list-entity-enrichment",
  "list-entity-types",
  "list-escalations",
  "list-event-types",
  "list-external-auth-claim-mappings",
  "list-external-identity-bindings",
  "list-external-integration-credentials",
  "list-external-integrations",
  "list-external-role-assignments",
  "list-external-roles",
  "list-external-write-proposals",
  "list-form-templates",
  "list-functions",
  "list-integration-endpoints",
  "list-integrations",
  "list-metrics",
  "list-my-audit-events",
  "list-operators",
  "list-outbound-log",
  "list-pipeline-sources",
  "list-production-eval-definitions",
  "list-prompt-logs",
  "list-role-grants",
  "list-scheduling-rule-sets",
  "list-services",
  "list-simulation-cases",
  "list-simulation-runs",
  "list-simulation-sessions",
  "list-simulation-suite-runs",
  "list-simulation-suites",
  "list-skills",
  "list-source-events",
  "list-surface-review-queue",
  "list-surfaces",
  "list-tool-catalog",
  "list-trigger-runs",
  "list-triggers",
  "list-voice-judge-recent",
  "list-workspace-data-queries",
  "list-workspace-tables",
  "list-workspaces",
  "lookup-surface-field",
  "merged-entities",
  "ocr-surface-extract",
  "operator-dashboard",
  "operator-join-call",
  "operator-leave-call",
  "operator-performance-summary",
  "operator-send-guidance",
  "operator-switch-mode",
  "operator-wrap-up",
  "patch-enrichment-key",
  "pause-trigger",
  "promote-simulation-session",
  "provision-workspace",
  "put-entity-enrichment",
  "query-simulation-turns",
  "redirect-to-surface",
  "reject-external-write-proposal",
  "reject-integration-write",
  "reject-surface",
  "render-surface",
  "reshape-surface",
  "resolve-entity",
  "resolve-form-template",
  "resolve-preview-external-auth-claim-mappings",
  "resolve-service-tools",
  "resume-trigger",
  "revoke-external-integration-credential",
  "rotate-api-key",
  "rotate-external-integration-credential",
  "run-simulation-benchmark",
  "run-simulation-case",
  "run-simulation-suite",
  "save-surface-field",
  "score-simulation-session",
  "search-world-entities",
  "simulation-bridge",
  "simulation-destroy",
  "simulation-fork",
  "simulation-intelligence",
  "simulation-observe",
  "simulation-recommend",
  "simulation-step",
  "source-breakdown",
  "submit-surface",
  "supersede-external-auth-claim-mapping",
  "supersede-role-grant",
  "test-conversation-step",
  "test-function",
  "test-integration-endpoint",
  "test-skill",
  "trigger-data-source-sync",
  "unbind-use-case-from-service",
  "update-agent",
  "update-branding-settings",
  "update-context_graph",
  "update-data-source",
  "update-external-integration",
  "update-form-templates",
  "update-gap-scanner-settings",
  "update-integration",
  "update-integration-endpoint",
  "update-metric-settings",
  "update-operator",
  "update-outreach-settings",
  "update-production-eval-definition",
  "update-retention-policy",
  "update-scheduling-rule-set",
  "update-service",
  "update-simulation-case",
  "update-simulation-suite",
  "update-skill",
  "update-surface",
  "update-test-caller-numbers",
  "update-test-credential-ids",
  "update-trigger",
  "update-voice-settings",
  "update-workspace",
  "update-workspace-data-query",
  "update-workspace-table",
  "upsert-external-identity-binding",
  "upsert-external-role-assignment",
  "upsert-service-version-set",
  "voice-turn",
  "world-dashboard",
]
`;
